BL51 BANKED LINKER/LOCATER V6.22                                                        09/07/2026  22:04:40  PAGE 1


BL51 BANKED LINKER/LOCATER V6.22, INVOKED BY:
D:\APP\KEIL_V5\C51\BIN\BL51.EXE 11.obj TO 11 RAMSIZE (256)


MEMORY MODEL: SMALL WITH FLOATING POINT ARITHMETIC


INPUT MODULES INCLUDED:
  11.obj (11)
  D:\APP\KEIL_V5\C51\LIB\C51FPS.LIB (?C?FPADD)
  D:\APP\KEIL_V5\C51\LIB\C51FPS.LIB (?C?FPMUL)
  D:\APP\KEIL_V5\C51\LIB\C51FPS.LIB (?C?FPCMP)
  D:\APP\KEIL_V5\C51\LIB\C51FPS.LIB (?C?FCAST)
  D:\APP\KEIL_V5\C51\LIB\C51FPS.LIB (?C?CASTF)
  D:\APP\KEIL_V5\C51\LIB\C51FPS.LIB (?C?FPGETOPN)
  D:\APP\KEIL_V5\C51\LIB\C51S.LIB (?C_STARTUP)
  D:\APP\KEIL_V5\C51\LIB\C51S.LIB (?C?CSTPTR)
  D:\APP\KEIL_V5\C51\LIB\C51S.LIB (?C?CSTOPTR)
  D:\APP\KEIL_V5\C51\LIB\C51S.LIB (?C?UIDIV)
  D:\APP\KEIL_V5\C51\LIB\C51S.LIB (?C?LNEG)
  D:\APP\KEIL_V5\C51\LIB\C51S.LIB (?C?SLCMP)
  D:\APP\KEIL_V5\C51\LIB\C51S.LIB (?C?LLDPTR)
  D:\APP\KEIL_V5\C51\LIB\C51S.LIB (?C?LSTPTR)
  D:\APP\KEIL_V5\C51\LIB\C51S.LIB (?C_INIT)
  D:\APP\KEIL_V5\C51\LIB\C51S.LIB (?C?LLDIDATA)
  D:\APP\KEIL_V5\C51\LIB\C51S.LIB (?C?LLDXDATA)
  D:\APP\KEIL_V5\C51\LIB\C51S.LIB (?C?LLDPDATA)
  D:\APP\KEIL_V5\C51\LIB\C51S.LIB (?C?LLDCODE)
  D:\APP\KEIL_V5\C51\LIB\C51S.LIB (?C?LSTIDATA)
  D:\APP\KEIL_V5\C51\LIB\C51S.LIB (?C?LSTXDATA)
  D:\APP\KEIL_V5\C51\LIB\C51S.LIB (?C?LSTPDATA)


LINK MAP OF MODULE:  11 (11)


            TYPE    BASE      LENGTH    RELOCATION   SEGMENT NAME
            -----------------------------------------------------

            * * * * * * *   D A T A   M E M O R Y   * * * * * * *
            REG     0000H     0008H     ABSOLUTE     "REG BANK 0"
            DATA    0008H     0007H     UNIT         ?DT?11
                    000FH     0011H                  *** GAP ***
            BIT     0020H.0   0000H.2   UNIT         ?BI?11
            BIT     0020H.2   0000H.1   UNIT         _BIT_GROUP_
                    0020H.3   0000H.5                *** GAP ***
            DATA    0021H     002FH     UNIT         _DATA_GROUP_
            IDATA   0050H     0001H     UNIT         ?STACK

            * * * * * * *   C O D E   M E M O R Y   * * * * * * *
            CODE    0000H     0003H     ABSOLUTE     
            CODE    0003H     0008H     UNIT         ?PR?_WRITE_COM?11
            CODE    000BH     0003H     ABSOLUTE     
            CODE    000EH     0475H     UNIT         ?C?LIB_CODE
            CODE    0483H     0157H     UNIT         ?PR?_CALC_STH11?11
            CODE    05DAH     00D4H     UNIT         ?PR?_SHT11_READ?11
            CODE    06AEH     008CH     UNIT         ?C_C51STARTUP
            CODE    073AH     0077H     UNIT         ?PR?_S_MEASURE?11
BL51 BANKED LINKER/LOCATER V6.22                                                      09/07/2026  22:04:40  PAGE 2


            CODE    07B1H     0073H     UNIT         ?PR?_DISPLAY_1602?11
            CODE    0824H     005DH     UNIT         ?PR?KEY?11
            CODE    0881H     0047H     UNIT         ?PR?MAIN?11
            CODE    08C8H     0046H     UNIT         ?PR?TIME0_INT?11
            CODE    090EH     003EH     UNIT         ?PR?_I2C_WRITEBYTE?11
            CODE    094CH     003DH     UNIT         ?PR?INIT1602?11
            CODE    0989H     0032H     UNIT         ?PR?I2C_READBYTE?11
            CODE    09BBH     0030H     UNIT         ?PR?_S_WRITE_BYTE?11
            CODE    09EBH     002EH     UNIT         ?PR?_S_READ_BYTE?11
            CODE    0A19H     002DH     UNIT         ?PR?_LCDDELAY?11
            CODE    0A46H     0022H     UNIT         ?CO?11
            CODE    0A68H     001FH     UNIT         ?PR?_AT24C02_READBYTE?11
            CODE    0A87H     001EH     UNIT         ?PR?S_TRANSSTART?11
            CODE    0AA5H     001CH     UNIT         ?PR?INIT_EEPROM?11
            CODE    0AC1H     001AH     UNIT         ?C_INITSEG
            CODE    0ADBH     0017H     UNIT         ?PR?_AT24C02_WRITEBYTE?11
            CODE    0AF2H     0016H     UNIT         ?PR?AT24C02_WAITREADY?11
            CODE    0B08H     0013H     UNIT         ?PR?_WRITE_DATA?11
            CODE    0B1BH     0010H     UNIT         ?PR?INIT?11
            CODE    0B2BH     000FH     UNIT         ?PR?I2C_START?11
            CODE    0B3AH     000CH     UNIT         ?PR?I2C_STOP?11
            CODE    0B46H     0008H     UNIT         ?PR?I2C_DELAY?11
            CODE    0B4EH     0007H     UNIT         ?PR?WRITE_EEPROM?11
            CODE    0B55H     0004H     UNIT         ?PR?HUMI_DELAY?11



OVERLAY MAP OF MODULE:   11 (11)


SEGMENT                              BIT_GROUP          DATA_GROUP 
  +--> CALLED SEGMENT             START    LENGTH     START    LENGTH
---------------------------------------------------------------------
?C_C51STARTUP                     -----    -----      -----    -----
  +--> ?PR?MAIN?11
  +--> ?C_INITSEG

?PR?MAIN?11                       -----    -----      -----    -----
  +--> ?PR?INIT1602?11
  +--> ?PR?INIT_EEPROM?11
  +--> ?PR?INIT?11
  +--> ?PR?_SHT11_READ?11
  +--> ?PR?_DISPLAY_1602?11
  +--> ?PR?KEY?11

?PR?INIT1602?11                   -----    -----      -----    -----
  +--> ?PR?_WRITE_COM?11
  +--> ?CO?11
  +--> ?PR?_WRITE_DATA?11

?PR?_WRITE_COM?11                 -----    -----      -----    -----
  +--> ?PR?_LCDDELAY?11

?PR?_WRITE_DATA?11                -----    -----      -----    -----
  +--> ?PR?_LCDDELAY?11

?PR?INIT_EEPROM?11                -----    -----      -----    -----
BL51 BANKED LINKER/LOCATER V6.22                                                      09/07/2026  22:04:40  PAGE 3


  +--> ?PR?_AT24C02_READBYTE?11
  +--> ?PR?WRITE_EEPROM?11

?PR?_AT24C02_READBYTE?11          -----    -----      -----    -----
  +--> ?PR?_I2C_WRITEBYTE?11
  +--> ?PR?I2C_START?11
  +--> ?PR?I2C_READBYTE?11
  +--> ?PR?I2C_STOP?11

?PR?_I2C_WRITEBYTE?11             0020H.2  0000H.1    -----    -----
  +--> ?PR?I2C_START?11
  +--> ?PR?I2C_DELAY?11

?PR?I2C_START?11                  -----    -----      -----    -----
  +--> ?PR?I2C_DELAY?11

?PR?I2C_READBYTE?11               0020H.2  0000H.1    -----    -----
  +--> ?PR?I2C_DELAY?11

?PR?I2C_STOP?11                   -----    -----      -----    -----
  +--> ?PR?I2C_DELAY?11

?PR?WRITE_EEPROM?11               -----    -----      -----    -----
  +--> ?PR?_AT24C02_WRITEBYTE?11

?PR?_AT24C02_WRITEBYTE?11         -----    -----      -----    -----
  +--> ?PR?_I2C_WRITEBYTE?11
  +--> ?PR?I2C_STOP?11
  +--> ?PR?AT24C02_WAITREADY?11

?PR?AT24C02_WAITREADY?11          -----    -----      -----    -----
  +--> ?PR?_I2C_WRITEBYTE?11
  +--> ?PR?I2C_STOP?11

?PR?_SHT11_READ?11                -----    -----      0021H    0015H
  +--> ?PR?_S_MEASURE?11
  +--> ?PR?_CALC_STH11?11

?PR?_S_MEASURE?11                 -----    -----      0036H    0008H
  +--> ?PR?S_TRANSSTART?11
  +--> ?PR?_S_WRITE_BYTE?11
  +--> ?PR?HUMI_DELAY?11
  +--> ?PR?_S_READ_BYTE?11

?PR?S_TRANSSTART?11               -----    -----      -----    -----
  +--> ?PR?HUMI_DELAY?11

?PR?_S_WRITE_BYTE?11              -----    -----      -----    -----
  +--> ?PR?HUMI_DELAY?11

?PR?_S_READ_BYTE?11               -----    -----      -----    -----
  +--> ?PR?HUMI_DELAY?11

?PR?_CALC_STH11?11                -----    -----      0036H    001AH

?PR?_DISPLAY_1602?11              0020H.2  0000H.1    0021H    0004H
  +--> ?PR?_WRITE_COM?11
BL51 BANKED LINKER/LOCATER V6.22                                                      09/07/2026  22:04:40  PAGE 4


  +--> ?PR?_WRITE_DATA?11

?PR?KEY?11                        -----    -----      -----    -----
  +--> ?PR?_WRITE_COM?11
  +--> ?PR?WRITE_EEPROM?11



SYMBOL TABLE OF MODULE:  11 (11)

  VALUE           TYPE          NAME
  ----------------------------------

  -------         MODULE        11
  C:0000H         SYMBOL        _ICE_DUMMY_
  B:0020H.0       PUBLIC        sample_ready
  D:0080H         PUBLIC        P0
  D:0090H         PUBLIC        P1
  D:00A0H         PUBLIC        P2
  D:00B0H         PUBLIC        P3
  B:00A0H.0       PUBLIC        EEPROM_SDA
  C:07B1H         PUBLIC        _Display_1602
  B:00A8H.7       PUBLIC        EA
  C:09EBH         PUBLIC        _s_read_byte
  B:00A0H.1       PUBLIC        EEPROM_SCL
  D:00A8H         PUBLIC        IE
  C:08C8H         PUBLIC        time0_int
  D:0009H         PUBLIC        sample_accumulator
  C:0B46H         PUBLIC        I2C_Delay
  C:0AF2H         PUBLIC        AT24C02_WaitReady
  D:000AH         PUBLIC        blink_ticks
  C:0A68H         PUBLIC        _AT24C02_ReadByte
  C:09BBH         PUBLIC        _s_write_byte
  D:00B8H         PUBLIC        IP
  C:0B4EH         PUBLIC        write_eeprom
  B:00B0H.5       PUBLIC        DATA
  C:0AA5H         PUBLIC        init_eeprom
  C:0881H         PUBLIC        main
  C:0B55H         PUBLIC        humi_delay
  C:0ADBH         PUBLIC        _AT24C02_WriteByte
  C:0483H         PUBLIC        _calc_sth11
  C:0824H         PUBLIC        Key
  C:0B13H         PUBLIC        _write_data
  B:0020H.1       PUBLIC        frequency_visible
  C:0B2BH         PUBLIC        I2C_Start
  C:05DAH         PUBLIC        _SHT11_Read
  C:0A87H         PUBLIC        s_transstart
  C:0989H         PUBLIC        I2C_ReadByte
  D:0098H         PUBLIC        SCON
  D:0089H         PUBLIC        TMOD
  D:0088H         PUBLIC        TCON
  C:0B1BH         PUBLIC        init
  D:000BH         PUBLIC        temperature
  D:000CH         PUBLIC        sample_frequency
  C:0913H         PUBLIC        _I2C_WriteByte
  C:0B3AH         PUBLIC        I2C_Stop
  C:0A46H         PUBLIC        Init1
BL51 BANKED LINKER/LOCATER V6.22                                                      09/07/2026  22:04:40  PAGE 5


  C:0A57H         PUBLIC        Init2
  B:00A8H.1       PUBLIC        ET0
  C:073AH         PUBLIC        _s_measure
  D:008CH         PUBLIC        TH0
  D:000DH         PUBLIC        set
  C:0003H         PUBLIC        _write_com
  D:008AH         PUBLIC        TL0
  B:0088H.4       PUBLIC        TR0
  B:00A0H.6       PUBLIC        Key1
  B:00A0H.7       PUBLIC        Key2
  B:00B0H.7       PUBLIC        Key3
  C:094CH         PUBLIC        Init1602
  B:00B0H.4       PUBLIC        SCK
  C:0A28H         PUBLIC        _LCDdelay
  B:00A0H.4       PUBLIC        LCDEN
  D:00C8H         PUBLIC        T2CON
  D:000EH         PUBLIC        humidity
  B:00A0H.3       PUBLIC        LCDRS
  D:00D0H         PUBLIC        PSW
  -------         PROC          L?0113
  -------         ENDPROC       L?0113
  -------         PROC          _LCDDELAY
  D:0006H         SYMBOL        z
  -------         DO            
  D:0006H         SYMBOL        x
  D:0004H         SYMBOL        y
  -------         ENDDO         
  C:0A28H         LINE#         15
  C:0A28H         LINE#         16
  C:0A28H         LINE#         20
  C:0A31H         LINE#         21
  C:0A31H         LINE#         22
  C:0A3EH         LINE#         23
  C:0A45H         LINE#         24
  -------         ENDPROC       _LCDDELAY
  -------         PROC          _WRITE_COM
  D:0007H         SYMBOL        com
  C:0003H         LINE#         27
  C:0003H         LINE#         28
  C:0003H         LINE#         29
  C:0005H         LINE#         30
  C:0005H         LINE#         31
  C:0005H         LINE#         32
  C:0005H         LINE#         33
  C:0008H         LINE#         34
  C:000AH         LINE#         35
  -------         ENDPROC       _WRITE_COM
  C:0B0CH         SYMBOL        L?0112
  -------         PROC          L?0111
  -------         ENDPROC       L?0111
  C:0B0CH         SYMBOL        L?0112
  -------         PROC          _WRITE_DATA
  D:0007H         SYMBOL        date
  C:0B13H         LINE#         38
  C:0B13H         LINE#         39
  C:0B13H         LINE#         40
  C:0B15H         LINE#         41
BL51 BANKED LINKER/LOCATER V6.22                                                      09/07/2026  22:04:40  PAGE 6


  C:0B15H         LINE#         42
  C:0B15H         LINE#         43
  C:0B15H         LINE#         44
  C:0B18H         LINE#         45
  C:0B1AH         LINE#         46
  -------         ENDPROC       _WRITE_DATA
  -------         PROC          INIT1602
  -------         DO            
  D:0003H         SYMBOL        i
  -------         ENDDO         
  C:094CH         LINE#         49
  C:094CH         LINE#         50
  C:094CH         LINE#         53
  C:0951H         LINE#         54
  C:0956H         LINE#         55
  C:095BH         LINE#         56
  C:0960H         LINE#         57
  C:0965H         LINE#         59
  C:0967H         LINE#         60
  C:0967H         LINE#         61
  C:0970H         LINE#         62
  C:0974H         LINE#         64
  C:0979H         LINE#         65
  C:097BH         LINE#         66
  C:097BH         LINE#         67
  C:0984H         LINE#         68
  C:0988H         LINE#         69
  -------         ENDPROC       INIT1602
  -------         PROC          _DISPLAY_1602
  D:0021H         SYMBOL        temperature
  D:0023H         SYMBOL        humidity
  D:0002H         SYMBOL        frequency
  B:0020H.2       SYMBOL        hide_frequency
  C:07B1H         LINE#         72
  C:07B9H         LINE#         76
  C:07B9H         LINE#         77
  C:07BEH         LINE#         78
  C:07C5H         LINE#         79
  C:07D7H         LINE#         81
  C:07DCH         LINE#         82
  C:07E3H         LINE#         83
  C:07F5H         LINE#         85
  C:07FAH         LINE#         86
  C:07FDH         LINE#         87
  C:07FDH         LINE#         88
  C:0802H         LINE#         89
  C:0804H         LINE#         90
  C:0806H         LINE#         92
  C:0806H         LINE#         93
  C:0811H         LINE#         94
  C:0823H         LINE#         95
  C:0823H         LINE#         96
  -------         ENDPROC       _DISPLAY_1602
  -------         PROC          I2C_DELAY
  -------         DO            
  D:0007H         SYMBOL        i
  -------         ENDDO         
BL51 BANKED LINKER/LOCATER V6.22                                                      09/07/2026  22:04:40  PAGE 7


  C:0B46H         LINE#         10
  C:0B46H         LINE#         11
  C:0B46H         LINE#         13
  C:0B4DH         LINE#         14
  -------         ENDPROC       I2C_DELAY
  -------         PROC          I2C_START
  C:0B2BH         LINE#         16
  C:0B2BH         LINE#         17
  C:0B2BH         LINE#         18
  C:0B2DH         LINE#         19
  C:0B2FH         LINE#         20
  C:0B32H         LINE#         21
  C:0B34H         LINE#         22
  C:0B37H         LINE#         23
  C:0B39H         LINE#         24
  -------         ENDPROC       I2C_START
  -------         PROC          I2C_STOP
  C:0B3AH         LINE#         26
  C:0B3AH         LINE#         27
  C:0B3AH         LINE#         28
  C:0B3CH         LINE#         29
  C:0B3EH         LINE#         30
  C:0B41H         LINE#         31
  C:0B43H         LINE#         32
  -------         ENDPROC       I2C_STOP
  C:090EH         SYMBOL        L?0115
  -------         PROC          L?0114
  -------         ENDPROC       L?0114
  C:090EH         SYMBOL        L?0115
  -------         PROC          _I2C_WRITEBYTE
  D:0006H         SYMBOL        dat
  -------         DO            
  D:0005H         SYMBOL        i
  B:0020H.2       SYMBOL        ack
  -------         ENDDO         
  C:0913H         LINE#         35
  C:0915H         LINE#         36
  C:0915H         LINE#         40
  C:0917H         LINE#         41
  C:0921H         LINE#         42
  C:0924H         LINE#         43
  C:0926H         LINE#         44
  C:0929H         LINE#         45
  C:092BH         LINE#         46
  C:092FH         LINE#         47
  C:0933H         LINE#         49
  C:0935H         LINE#         50
  C:0938H         LINE#         51
  C:093AH         LINE#         52
  C:093DH         LINE#         53
  C:0947H         LINE#         54
  C:0949H         LINE#         55
  C:094BH         LINE#         56
  -------         ENDPROC       _I2C_WRITEBYTE
  -------         PROC          I2C_READBYTE
  B:0020H.2       SYMBOL        send_ack
  -------         DO            
BL51 BANKED LINKER/LOCATER V6.22                                                      09/07/2026  22:04:40  PAGE 8


  D:0005H         SYMBOL        i
  D:0006H         SYMBOL        dat
  -------         ENDDO         
  C:0989H         LINE#         58
  C:0989H         LINE#         59
  C:0989H         LINE#         61
  C:098BH         LINE#         63
  C:098DH         LINE#         64
  C:098EH         LINE#         65
  C:0992H         LINE#         66
  C:0994H         LINE#         67
  C:0997H         LINE#         68
  C:099DH         LINE#         69
  C:099FH         LINE#         70
  C:09A2H         LINE#         71
  C:09A6H         LINE#         73
  C:09AFH         LINE#         74
  C:09B1H         LINE#         75
  C:09B4H         LINE#         76
  C:09B6H         LINE#         77
  C:09B8H         LINE#         78
  C:09BAH         LINE#         79
  -------         ENDPROC       I2C_READBYTE
  -------         PROC          AT24C02_WAITREADY
  -------         DO            
  D:0004H         SYMBOL        retry
  -------         ENDDO         
  C:0AF2H         LINE#         81
  C:0AF2H         LINE#         82
  C:0AF2H         LINE#         83
  C:0AF4H         LINE#         85
  C:0AFAH         LINE#         86
  C:0AFAH         LINE#         87
  C:0AFFH         LINE#         88
  C:0B02H         LINE#         90
  C:0B02H         LINE#         91
  C:0B05H         LINE#         92
  C:0B07H         LINE#         93
  -------         ENDPROC       AT24C02_WAITREADY
  -------         PROC          _AT24C02_WRITEBYTE
  D:0003H         SYMBOL        addr
  D:0004H         SYMBOL        dat
  C:0ADBH         LINE#         95
  C:0ADFH         LINE#         96
  C:0ADFH         LINE#         97
  C:0ADFH         LINE#         98
  C:0AE2H         LINE#         99
  C:0AE7H         LINE#         100
  C:0AECH         LINE#         101
  C:0AEFH         LINE#         102
  -------         ENDPROC       _AT24C02_WRITEBYTE
  -------         PROC          _AT24C02_READBYTE
  D:0004H         SYMBOL        addr
  -------         DO            
  D:0006H         SYMBOL        dat
  -------         ENDDO         
  C:0A68H         LINE#         105
BL51 BANKED LINKER/LOCATER V6.22                                                      09/07/2026  22:04:40  PAGE 9


  C:0A6AH         LINE#         106
  C:0A6AH         LINE#         109
  C:0A6AH         LINE#         110
  C:0A6DH         LINE#         111
  C:0A72H         LINE#         112
  C:0A75H         LINE#         113
  C:0A7AH         LINE#         114
  C:0A81H         LINE#         115
  C:0A84H         LINE#         116
  C:0A86H         LINE#         117
  -------         ENDPROC       _AT24C02_READBYTE
  -------         PROC          HUMI_DELAY
  C:0B55H         LINE#         21
  C:0B55H         LINE#         22
  C:0B55H         LINE#         23
  C:0B56H         LINE#         24
  C:0B57H         LINE#         25
  C:0B58H         LINE#         26
  -------         ENDPROC       HUMI_DELAY
  -------         PROC          _S_WRITE_BYTE
  D:0007H         SYMBOL        value
  -------         DO            
  D:0005H         SYMBOL        i
  D:0006H         SYMBOL        error
  -------         ENDDO         
  C:09BBH         LINE#         29
  C:09BBH         LINE#         30
  C:09BBH         LINE#         32
  C:09BDH         LINE#         34
  C:09C5H         LINE#         35
  C:09C5H         LINE#         36
  C:09C9H         LINE#         37
  C:09C9H         LINE#         38
  C:09CBH         LINE#         39
  C:09CDH         LINE#         41
  C:09CDH         LINE#         42
  C:09CFH         LINE#         43
  C:09CFH         LINE#         45
  C:09D1H         LINE#         46
  C:09D4H         LINE#         47
  C:09D6H         LINE#         48
  C:09DCH         LINE#         50
  C:09DEH         LINE#         51
  C:09E0H         LINE#         52
  C:09E3H         LINE#         53
  C:09E7H         LINE#         54
  C:09E9H         LINE#         56
  C:09EAH         LINE#         57
  -------         ENDPROC       _S_WRITE_BYTE
  -------         PROC          _S_READ_BYTE
  D:0007H         SYMBOL        ack
  -------         DO            
  D:0005H         SYMBOL        i
  D:0006H         SYMBOL        value
  -------         ENDDO         
  C:09EBH         LINE#         60
  C:09EBH         LINE#         61
BL51 BANKED LINKER/LOCATER V6.22                                                      09/07/2026  22:04:40  PAGE 10


  C:09EBH         LINE#         63
  C:09EDH         LINE#         65
  C:09EFH         LINE#         66
  C:09F7H         LINE#         67
  C:09F7H         LINE#         68
  C:09F9H         LINE#         69
  C:09FCH         LINE#         70
  C:09FCH         LINE#         71
  C:09FFH         LINE#         72
  C:09FFH         LINE#         73
  C:0A01H         LINE#         74
  C:0A07H         LINE#         76
  C:0A0DH         LINE#         77
  C:0A0FH         LINE#         78
  C:0A12H         LINE#         79
  C:0A14H         LINE#         80
  C:0A16H         LINE#         82
  C:0A18H         LINE#         83
  -------         ENDPROC       _S_READ_BYTE
  -------         PROC          S_TRANSSTART
  C:0A87H         LINE#         86
  C:0A87H         LINE#         87
  C:0A87H         LINE#         88
  C:0A89H         LINE#         89
  C:0A8BH         LINE#         90
  C:0A8EH         LINE#         92
  C:0A90H         LINE#         93
  C:0A93H         LINE#         94
  C:0A95H         LINE#         95
  C:0A98H         LINE#         97
  C:0A9AH         LINE#         98
  C:0A9DH         LINE#         99
  C:0A9FH         LINE#         100
  C:0AA2H         LINE#         101
  C:0AA4H         LINE#         102
  -------         ENDPROC       S_TRANSSTART
  -------         PROC          _S_MEASURE
  D:0036H         SYMBOL        value
  D:0039H         SYMBOL        checksum
  D:003CH         SYMBOL        mode
  -------         DO            
  D:0082H         SYMBOL        timeout
  D:003DH         SYMBOL        error
  -------         ENDDO         
  C:073AH         LINE#         105
  C:0740H         LINE#         108
  C:0740H         LINE#         109
  C:0743H         LINE#         110
  C:0746H         LINE#         112
  C:0749H         LINE#         114
  C:074DH         LINE#         115
  C:074DH         LINE#         116
  C:074FH         LINE#         117
  C:0751H         LINE#         119
  C:0751H         LINE#         120
  C:0758H         LINE#         121
  C:0758H         LINE#         123
BL51 BANKED LINKER/LOCATER V6.22                                                      09/07/2026  22:04:40  PAGE 11


  C:076EH         LINE#         124
  C:076EH         LINE#         125
  C:076FH         LINE#         126
  C:0772H         LINE#         127
  C:0774H         LINE#         129
  C:077BH         LINE#         130
  C:077BH         LINE#         131
  C:077EH         LINE#         132
  C:077EH         LINE#         134
  C:078DH         LINE#         135
  C:079FH         LINE#         136
  C:07AEH         LINE#         138
  C:07B0H         LINE#         139
  -------         ENDPROC       _S_MEASURE
  -------         PROC          _CALC_STH11
  D:0036H         SYMBOL        humidity
  D:0039H         SYMBOL        temperature
  -------         DO            
  D:003CH         SYMBOL        raw_humidity
  D:0040H         SYMBOL        raw_temperature
  D:0044H         SYMBOL        humidity_linear
  D:0048H         SYMBOL        humidity_true
  D:004CH         SYMBOL        temperature_c
  -------         ENDDO         
  C:0483H         LINE#         142
  C:0489H         LINE#         143
  C:0489H         LINE#         144
  C:0494H         LINE#         145
  C:04A5H         LINE#         150
  C:04CAH         LINE#         151
  C:0520H         LINE#         153
  C:0576H         LINE#         157
  C:058CH         LINE#         158
  C:058CH         LINE#         159
  C:0597H         LINE#         160
  C:0597H         LINE#         161
  C:05ACH         LINE#         162
  C:05ACH         LINE#         163
  C:05B8H         LINE#         164
  C:05B8H         LINE#         166
  C:05C9H         LINE#         167
  -------         ENDPROC       _CALC_STH11
  -------         PROC          _SHT11_READ
  D:0021H         SYMBOL        temperature
  D:0024H         SYMBOL        humidity
  -------         DO            
  D:0027H         SYMBOL        temp_data
  D:0029H         SYMBOL        humi_data
  D:002BH         SYMBOL        checksum
  D:0004H         SYMBOL        temp_value
  D:002CH         SYMBOL        humi_value
  D:002EH         SYMBOL        temp_float
  D:0032H         SYMBOL        humi_float
  -------         ENDDO         
  C:05DAH         LINE#         171
  C:05E0H         LINE#         172
  C:05E0H         LINE#         181
BL51 BANKED LINKER/LOCATER V6.22                                                      09/07/2026  22:04:40  PAGE 12


  C:05F7H         LINE#         182
  C:05F7H         LINE#         183
  C:05F9H         LINE#         184
  C:05F9H         LINE#         186
  C:0611H         LINE#         187
  C:0611H         LINE#         188
  C:0613H         LINE#         189
  C:0613H         LINE#         191
  C:061BH         LINE#         192
  C:0623H         LINE#         194
  C:0633H         LINE#         195
  C:0643H         LINE#         196
  C:0655H         LINE#         198
  C:0667H         LINE#         199
  C:0667H         LINE#         200
  C:066EH         LINE#         201
  C:0670H         LINE#         203
  C:0670H         LINE#         204
  C:068EH         LINE#         205
  C:068EH         LINE#         207
  C:06ACH         LINE#         209
  C:06ADH         LINE#         210
  -------         ENDPROC       _SHT11_READ
  -------         PROC          WRITE_EEPROM
  C:0B4EH         LINE#         25
  C:0B4EH         LINE#         26
  C:0B4EH         LINE#         27
  -------         ENDPROC       WRITE_EEPROM
  -------         PROC          INIT_EEPROM
  C:0AA5H         LINE#         31
  C:0AA5H         LINE#         32
  C:0AA5H         LINE#         33
  C:0AACH         LINE#         35
  C:0ABAH         LINE#         36
  C:0ABAH         LINE#         37
  C:0ABDH         LINE#         38
  C:0AC0H         LINE#         39
  C:0AC0H         LINE#         40
  -------         ENDPROC       INIT_EEPROM
  -------         PROC          INIT
  C:0B1BH         LINE#         43
  C:0B1BH         LINE#         44
  C:0B1BH         LINE#         45
  C:0B1EH         LINE#         46
  C:0B21H         LINE#         47
  C:0B24H         LINE#         48
  C:0B26H         LINE#         49
  C:0B28H         LINE#         50
  C:0B2AH         LINE#         51
  -------         ENDPROC       INIT
  -------         PROC          KEY
  C:0824H         LINE#         54
  C:0824H         LINE#         55
  C:0824H         LINE#         57
  C:0827H         LINE#         58
  C:0827H         LINE#         59
  C:082AH         LINE#         61
BL51 BANKED LINKER/LOCATER V6.22                                                      09/07/2026  22:04:40  PAGE 13


  C:082CH         LINE#         62
  C:082EH         LINE#         63
  C:0831H         LINE#         65
  C:0838H         LINE#         66
  C:0838H         LINE#         67
  C:083BH         LINE#         68
  C:083BH         LINE#         70
  C:0840H         LINE#         71
  C:0840H         LINE#         74
  C:0847H         LINE#         75
  C:0847H         LINE#         76
  C:084AH         LINE#         78
  C:0851H         LINE#         79
  C:0851H         LINE#         80
  C:0854H         LINE#         81
  C:0856H         LINE#         83
  C:0856H         LINE#         84
  C:0858H         LINE#         85
  C:0858H         LINE#         87
  C:085AH         LINE#         88
  C:085DH         LINE#         89
  C:0860H         LINE#         90
  C:0860H         LINE#         93
  C:0867H         LINE#         94
  C:0867H         LINE#         95
  C:086AH         LINE#         97
  C:0871H         LINE#         98
  C:0871H         LINE#         99
  C:0874H         LINE#         100
  C:0876H         LINE#         102
  C:0876H         LINE#         103
  C:0878H         LINE#         104
  C:0878H         LINE#         106
  C:087AH         LINE#         107
  C:087DH         LINE#         108
  C:0880H         LINE#         109
  C:0880H         LINE#         110
  -------         ENDPROC       KEY
  -------         PROC          MAIN
  C:0881H         LINE#         113
  C:0881H         LINE#         114
  C:0881H         LINE#         115
  C:0884H         LINE#         116
  C:0887H         LINE#         117
  C:088AH         LINE#         119
  C:088AH         LINE#         120
  C:088AH         LINE#         121
  C:0891H         LINE#         122
  C:0891H         LINE#         123
  C:0893H         LINE#         124
  C:08A3H         LINE#         125
  C:08A5H         LINE#         126
  C:08A7H         LINE#         127
  C:08A7H         LINE#         130
  C:08C3H         LINE#         131
  C:08C6H         LINE#         132
  -------         ENDPROC       MAIN
BL51 BANKED LINKER/LOCATER V6.22                                                      09/07/2026  22:04:40  PAGE 14


  -------         PROC          TIME0_INT
  -------         DO            
  D:0008H         SYMBOL        count
  -------         ENDDO         
  C:08C8H         LINE#         136
  C:08CCH         LINE#         140
  C:08CFH         LINE#         141
  C:08D2H         LINE#         143
  C:08D4H         LINE#         144
  C:08DBH         LINE#         145
  C:08DBH         LINE#         146
  C:08DEH         LINE#         149
  C:08E2H         LINE#         150
  C:08E2H         LINE#         151
  C:08E4H         LINE#         152
  C:08EAH         LINE#         153
  C:08EAH         LINE#         154
  C:08EDH         LINE#         155
  C:08EFH         LINE#         156
  C:08F1H         LINE#         158
  C:08F1H         LINE#         160
  C:08F3H         LINE#         161
  C:08F6H         LINE#         164
  C:08FCH         LINE#         165
  C:0901H         LINE#         166
  C:0901H         LINE#         167
  C:0907H         LINE#         168
  C:0909H         LINE#         169
  C:0909H         LINE#         170
  C:0909H         LINE#         171
  -------         ENDPROC       TIME0_INT
  -------         ENDMOD        11

  -------         MODULE        ?C?FPADD
  C:0015H         PUBLIC        ?C?FPADD
  C:0011H         PUBLIC        ?C?FPSUB
  -------         ENDMOD        ?C?FPADD

  -------         MODULE        ?C?FPMUL
  C:0106H         PUBLIC        ?C?FPMUL
  -------         ENDMOD        ?C?FPMUL

  -------         MODULE        ?C?FPCMP
  C:020EH         PUBLIC        ?C?FPCMP
  C:020CH         PUBLIC        ?C?FPCMP3
  -------         ENDMOD        ?C?FPCMP

  -------         MODULE        ?C?FCAST
  C:028FH         PUBLIC        ?C?FCASTC
  C:028AH         PUBLIC        ?C?FCASTI
  C:0285H         PUBLIC        ?C?FCASTL
  -------         ENDMOD        ?C?FCAST

  -------         MODULE        ?C?CASTF
  C:02C3H         PUBLIC        ?C?CASTF
  -------         ENDMOD        ?C?CASTF

BL51 BANKED LINKER/LOCATER V6.22                                                      09/07/2026  22:04:40  PAGE 15


  -------         MODULE        ?C?CSTPTR
  C:0344H         PUBLIC        ?C?CSTPTR
  -------         ENDMOD        ?C?CSTPTR

  -------         MODULE        ?C?CSTOPTR
  C:0356H         PUBLIC        ?C?CSTOPTR
  -------         ENDMOD        ?C?CSTOPTR

  -------         MODULE        ?C?UIDIV
  C:0378H         PUBLIC        ?C?UIDIV
  -------         ENDMOD        ?C?UIDIV

  -------         MODULE        ?C?LNEG
  C:03CDH         PUBLIC        ?C?LNEG
  -------         ENDMOD        ?C?LNEG

  -------         MODULE        ?C?SLCMP
  C:03DBH         PUBLIC        ?C?SLCMP
  -------         ENDMOD        ?C?SLCMP

  -------         MODULE        ?C?LLDPTR
  C:03F1H         PUBLIC        ?C?LLDPTR
  -------         ENDMOD        ?C?LLDPTR

  -------         MODULE        ?C?LSTPTR
  C:0411H         PUBLIC        ?C?LSTPTR
  -------         ENDMOD        ?C?LSTPTR

  -------         MODULE        ?C?LLDIDATA
  C:042BH         PUBLIC        ?C?LLDIDATA
  -------         ENDMOD        ?C?LLDIDATA

  -------         MODULE        ?C?LLDXDATA
  C:0437H         PUBLIC        ?C?LLDXDATA
  -------         ENDMOD        ?C?LLDXDATA

  -------         MODULE        ?C?LLDPDATA
  C:0443H         PUBLIC        ?C?LLDPDATA
  -------         ENDMOD        ?C?LLDPDATA

  -------         MODULE        ?C?LLDCODE
  C:044FH         PUBLIC        ?C?LLDCODE
  -------         ENDMOD        ?C?LLDCODE

  -------         MODULE        ?C?LSTIDATA
  C:045FH         PUBLIC        ?C?LSTIDATA
  -------         ENDMOD        ?C?LSTIDATA

  -------         MODULE        ?C?LSTXDATA
  C:046BH         PUBLIC        ?C?LSTXDATA
  -------         ENDMOD        ?C?LSTXDATA

  -------         MODULE        ?C?LSTPDATA
  C:0477H         PUBLIC        ?C?LSTPDATA
  -------         ENDMOD        ?C?LSTPDATA

Program Size: data=63.3 xdata=0 code=2905
BL51 BANKED LINKER/LOCATER V6.22                                                      09/07/2026  22:04:40  PAGE 16


LINK/LOCATE RUN COMPLETE.  0 WARNING(S),  0 ERROR(S)
